../Core/Src/main.c:96:5:main	2
../Core/Src/main.c:154:6:SystemClock_Config	4
../Core/Src/main.c:205:13:MX_ADC1_Init	3
../Core/Src/main.c:263:13:MX_I2C1_Init	4
../Core/Src/main.c:311:13:MX_LPUART1_UART_Init	5
../Core/Src/main.c:359:13:MX_GPIO_Init	1
../Core/Src/main.c:396:6:calibrate	2
../Core/Src/main.c:407:6:show_weight	1
../Core/Src/main.c:420:6:get_weight	2
../Core/Src/main.c:438:8:get_adc_average	2
../Core/Src/main.c:456:10:read_adc	1
../Core/Src/main.c:465:6:is_ready	2
../Core/Src/main.c:479:6:reset_param	1
../Core/Src/main.c:486:6:HAL_GPIO_EXTI_Callback	3
../Core/Src/main.c:510:6:Error_Handler	1
